{
  "inicio": "2026-09-25T08:29:06.392456-05:00",
  "comando": [
    "mpirun",
    "-H",
    "10.7.50.202:24",
    "-np",
    "24",
    "--map-by",
    "slot",
    "--rank-by",
    "slot",
    "--bind-to",
    "core",
    "--mca",
    "plm_rsh_agent",
    "ssh -F /home/alumno16/cluster-mpi-96-optimizaciones/scripts/ssh_config",
    "--mca",
    "btl",
    "self,vader,tcp",
    "--mca",
    "btl_tcp_if_include",
    "10.7.50.0/24",
    "--mca",
    "oob_tcp_if_include",
    "10.7.50.0/24",
    "/var/tmp/cluster-mpi-96-optimizaciones/bin/mpi_matrix_2d",
    "6144",
    "1d",
    "tiled",
    "64"
  ],
  "antes": {
    "10.7.50.202": [
      19903726430,
      7800084638
    ]
  },
  "despues": {
    "10.7.50.202": [
      19903737875,
      7800146241
    ]
  },
  "estado": "ok"
}

RESULT_2D: N=6144, Procs=24, Algo=1d, Kernel=tiled, BS=64, T_Dist=0.864789, T_Summa=0.000000, T_Calc=4.055243, T_CalcAvg=3.651294, T_Gather=1.070491, T_Total=4.997802, T_Scatter=0.120887, T_Bcast=0.845763, GFLOPS=92.8121, Checksum=88332041.42, WSum=3.798985e+12

