{
  "inicio": "2026-09-25T08:32:17.880298-05:00",
  "comando": [
    "mpirun",
    "-H",
    "10.7.50.202:24",
    "-np",
    "24",
    "--map-by",
    "slot",
    "--rank-by",
    "slot",
    "--bind-to",
    "core",
    "--mca",
    "plm_rsh_agent",
    "ssh -F /home/alumno16/cluster-mpi-96-optimizaciones/scripts/ssh_config",
    "--mca",
    "btl",
    "self,vader,tcp",
    "--mca",
    "btl_tcp_if_include",
    "10.7.50.0/24",
    "--mca",
    "oob_tcp_if_include",
    "10.7.50.0/24",
    "/var/tmp/cluster-mpi-96-optimizaciones/bin/mpi_matrix_2d",
    "6144",
    "1d",
    "tiled",
    "64"
  ],
  "antes": {
    "10.7.50.202": [
      28530979062,
      8958861042
    ]
  },
  "despues": {
    "10.7.50.202": [
      28531532064,
      8959051074
    ]
  },
  "estado": "ok"
}

RESULT_2D: N=6144, Procs=24, Algo=1d, Kernel=tiled, BS=64, T_Dist=1.612356, T_Summa=0.000000, T_Calc=5.647352, T_CalcAvg=3.687492, T_Gather=3.162475, T_Total=7.342714, T_Scatter=0.211735, T_Bcast=1.576287, GFLOPS=63.1723, Checksum=88332041.42, WSum=3.798985e+12

