{
  "inicio": "2026-09-25T07:37:01.372334-05:00",
  "comando": [
    "mpirun",
    "-H",
    "10.7.50.202:4,10.7.50.203:4,10.7.50.201:4,10.7.50.204:4",
    "-np",
    "16",
    "--map-by",
    "slot",
    "--rank-by",
    "slot",
    "--bind-to",
    "core",
    "--mca",
    "plm_rsh_agent",
    "ssh -F /home/alumno16/cluster-mpi-96-optimizaciones/scripts/ssh_config",
    "--mca",
    "btl",
    "self,vader,tcp",
    "--mca",
    "btl_tcp_if_include",
    "10.7.50.0/24",
    "--mca",
    "oob_tcp_if_include",
    "10.7.50.0/24",
    "/var/tmp/cluster-mpi-96-optimizaciones/bin/bcast_bench",
    "512",
    "hier"
  ],
  "antes": {
    "10.7.50.202": [
      12484965557,
      4840039399
    ],
    "10.7.50.203": [
      852333504,
      7788114864
    ],
    "10.7.50.201": [
      3020852858,
      3603644656
    ],
    "10.7.50.204": [
      240592548,
      2805859366
    ]
  },
  "despues": {
    "10.7.50.202": [
      12487233207,
      4840137905
    ],
    "10.7.50.203": [
      854575997,
      7790354003
    ],
    "10.7.50.201": [
      3023088448,
      3605884527
    ],
    "10.7.50.204": [
      240630338,
      2808088395
    ]
  },
  "estado": "ok"
}

RESULT_BCAST: N=512, Procs=16, Modo=hier, T_Bcast=0.064849, Hash=6096983359396747513, Valido=1

Authorization required, but no authorization protocol specified

Authorization required, but no authorization protocol specified

Authorization required, but no authorization protocol specified

Authorization required, but no authorization protocol specified

Authorization required, but no authorization protocol specified

Authorization required, but no authorization protocol specified

Authorization required, but no authorization protocol specified

Authorization required, but no authorization protocol specified

Authorization required, but no authorization protocol specified

Authorization required, but no authorization protocol specified

Authorization required, but no authorization protocol specified

Authorization required, but no authorization protocol specified

Authorization required, but no authorization protocol specified

Authorization required, but no authorization protocol specified

Authorization required, but no authorization protocol specified

Authorization required, but no authorization protocol specified

Authorization required, but no authorization protocol specified

Authorization required, but no authorization protocol specified

