{
  "inicio": "2026-09-25T07:51:03.160881-05:00",
  "comando": [
    "mpirun",
    "-H",
    "10.7.50.202:16",
    "-np",
    "16",
    "--map-by",
    "slot",
    "--rank-by",
    "slot",
    "--bind-to",
    "core",
    "--mca",
    "plm_rsh_agent",
    "ssh -F /home/alumno16/cluster-mpi-96-optimizaciones/scripts/ssh_config",
    "--mca",
    "btl",
    "self,vader,tcp",
    "--mca",
    "btl_tcp_if_include",
    "10.7.50.0/24",
    "--mca",
    "oob_tcp_if_include",
    "10.7.50.0/24",
    "/var/tmp/cluster-mpi-96-optimizaciones/bin/bcast_bench",
    "3072",
    "hier"
  ],
  "antes": {
    "10.7.50.202": [
      13330658249,
      5522905158
    ]
  },
  "despues": {
    "10.7.50.202": [
      13330665857,
      5522915209
    ]
  },
  "estado": "ok"
}

RESULT_BCAST: N=3072, Procs=16, Modo=hier, T_Bcast=0.116568, Hash=1814438071394838832, Valido=1

