{
  "inicio": "2026-09-25T08:26:26.156286-05:00",
  "comando": [
    "mpirun",
    "-H",
    "10.7.134.117:24",
    "-np",
    "24",
    "--map-by",
    "slot",
    "--rank-by",
    "slot",
    "--bind-to",
    "core",
    "--mca",
    "plm_rsh_agent",
    "ssh -F /home/alumno16/cluster-mpi-96-optimizaciones/scripts/ssh_config_wifi",
    "--mca",
    "btl",
    "self,vader,tcp",
    "--mca",
    "btl_tcp_if_include",
    "10.7.134.0/23",
    "--mca",
    "oob_tcp_if_include",
    "10.7.134.0/23",
    "/var/tmp/cluster-mpi-96-optimizaciones/bin/mpi_matrix_2d",
    "3072",
    "1d-hier",
    "tiled",
    "64"
  ],
  "antes": {
    "10.7.134.117": [
      13737000194,
      4020519663
    ]
  },
  "despues": {
    "10.7.134.117": [
      13737000730,
      4020531783
    ]
  },
  "estado": "ok"
}

RESULT_2D: N=3072, Procs=24, Algo=1d-hier, Kernel=tiled, BS=64, T_Dist=1.962139, T_Summa=0.000000, T_Calc=2.776766, T_CalcAvg=0.474831, T_Gather=3.140344, T_Total=4.768800, T_Scatter=0.042429, T_Bcast=1.943345, GFLOPS=12.1586, Checksum=22083010.24, WSum=4.748730e+11

