{
  "inicio": "2026-09-25T07:43:55.000327-05:00",
  "comando": [
    "mpirun",
    "-H",
    "10.7.134.117:24",
    "-np",
    "24",
    "--map-by",
    "slot",
    "--rank-by",
    "slot",
    "--bind-to",
    "core",
    "--mca",
    "plm_rsh_agent",
    "ssh -F /home/alumno16/cluster-mpi-96-optimizaciones/scripts/ssh_config_wifi",
    "--mca",
    "btl",
    "self,vader,tcp",
    "--mca",
    "btl_tcp_if_include",
    "10.7.134.0/23",
    "--mca",
    "oob_tcp_if_include",
    "10.7.134.0/23",
    "/var/tmp/cluster-mpi-96-optimizaciones/bin/mpi_matrix_2d",
    "3072",
    "1d",
    "tiled",
    "64"
  ],
  "antes": {
    "10.7.134.117": [
      6466894822,
      1280181353
    ]
  },
  "despues": {
    "10.7.134.117": [
      6466895140,
      1280187134
    ]
  },
  "estado": "ok"
}

RESULT_2D: N=3072, Procs=24, Algo=1d, Kernel=tiled, BS=64, T_Dist=0.214223, T_Summa=0.000000, T_Calc=0.403331, T_CalcAvg=0.362146, T_Gather=0.081389, T_Total=0.580874, T_Scatter=0.024257, T_Bcast=0.208929, GFLOPS=99.8187, Checksum=22083010.24, WSum=4.748730e+11

