{
  "inicio": "2026-09-25T08:01:12.826340-05:00",
  "comando": [
    "mpirun",
    "-H",
    "10.7.134.117:24",
    "-np",
    "24",
    "--map-by",
    "slot",
    "--rank-by",
    "slot",
    "--bind-to",
    "core",
    "--mca",
    "plm_rsh_agent",
    "ssh -F /home/alumno16/cluster-mpi-96-optimizaciones/scripts/ssh_config_wifi",
    "--mca",
    "btl",
    "self,vader,tcp",
    "--mca",
    "btl_tcp_if_include",
    "10.7.134.0/23",
    "--mca",
    "oob_tcp_if_include",
    "10.7.134.0/23",
    "/var/tmp/cluster-mpi-96-optimizaciones/bin/mpi_matrix_2d",
    "3072",
    "1d",
    "tiled",
    "64"
  ],
  "antes": {
    "10.7.134.117": [
      9276435181,
      2558000017
    ]
  },
  "despues": {
    "10.7.134.117": [
      9276435181,
      2558006766
    ]
  },
  "estado": "ok"
}

RESULT_2D: N=3072, Procs=24, Algo=1d, Kernel=tiled, BS=64, T_Dist=0.217531, T_Summa=0.000000, T_Calc=0.449951, T_CalcAvg=0.407390, T_Gather=0.104419, T_Total=0.670333, T_Scatter=0.026221, T_Bcast=0.215077, GFLOPS=86.4975, Checksum=22083010.24, WSum=4.748730e+11

