{
  "inicio": "2026-09-25T08:12:46.591097-05:00",
  "comando": [
    "mpirun",
    "-H",
    "10.7.50.202:24",
    "-np",
    "24",
    "--map-by",
    "slot",
    "--rank-by",
    "slot",
    "--bind-to",
    "core",
    "--mca",
    "plm_rsh_agent",
    "ssh -F /home/alumno16/cluster-mpi-96-optimizaciones/scripts/ssh_config",
    "--mca",
    "btl",
    "self,vader,tcp",
    "--mca",
    "btl_tcp_if_include",
    "10.7.50.0/24",
    "--mca",
    "oob_tcp_if_include",
    "10.7.50.0/24",
    "/var/tmp/cluster-mpi-96-optimizaciones/bin/mpi_matrix_2d",
    "3072",
    "1d",
    "tiled",
    "64"
  ],
  "antes": {
    "10.7.50.202": [
      17613955124,
      6807099385
    ]
  },
  "despues": {
    "10.7.50.202": [
      17613990205,
      6807671120
    ]
  },
  "estado": "ok"
}

RESULT_2D: N=3072, Procs=24, Algo=1d, Kernel=tiled, BS=64, T_Dist=0.251738, T_Summa=0.000000, T_Calc=0.462293, T_CalcAvg=0.387007, T_Gather=0.145539, T_Total=0.718621, T_Scatter=0.033504, T_Bcast=0.244302, GFLOPS=80.6851, Checksum=22083010.24, WSum=4.748730e+11

