{
  "inicio": "2026-09-25T08:19:29.859255-05:00",
  "comando": [
    "mpirun",
    "-H",
    "10.7.50.202:24",
    "-np",
    "24",
    "--map-by",
    "slot",
    "--rank-by",
    "slot",
    "--bind-to",
    "core",
    "--mca",
    "plm_rsh_agent",
    "ssh -F /home/alumno16/cluster-mpi-96-optimizaciones/scripts/ssh_config",
    "--mca",
    "btl",
    "self,vader,tcp",
    "--mca",
    "btl_tcp_if_include",
    "10.7.50.0/24",
    "--mca",
    "oob_tcp_if_include",
    "10.7.50.0/24",
    "/var/tmp/cluster-mpi-96-optimizaciones/bin/mpi_matrix_2d",
    "3072",
    "1d-hier",
    "tiled",
    "64"
  ],
  "antes": {
    "10.7.50.202": [
      18384984670,
      7294170007
    ]
  },
  "despues": {
    "10.7.50.202": [
      18385030456,
      7294185688
    ]
  },
  "estado": "ok"
}

RESULT_2D: N=3072, Procs=24, Algo=1d-hier, Kernel=tiled, BS=64, T_Dist=0.243762, T_Summa=0.000000, T_Calc=0.539601, T_CalcAvg=0.396705, T_Gather=0.192165, T_Total=0.742694, T_Scatter=0.029715, T_Bcast=0.240004, GFLOPS=78.0699, Checksum=22083010.24, WSum=4.748730e+11

