{
  "inicio": "2026-09-25T07:55:39.204445-05:00",
  "comando": [
    "mpirun",
    "-H",
    "10.7.50.202:24",
    "-np",
    "24",
    "--map-by",
    "slot",
    "--rank-by",
    "slot",
    "--bind-to",
    "core",
    "--mca",
    "plm_rsh_agent",
    "ssh -F /home/alumno16/cluster-mpi-96-optimizaciones/scripts/ssh_config",
    "--mca",
    "btl",
    "self,vader,tcp",
    "--mca",
    "btl_tcp_if_include",
    "10.7.50.0/24",
    "--mca",
    "oob_tcp_if_include",
    "10.7.50.0/24",
    "/var/tmp/cluster-mpi-96-optimizaciones/bin/mpi_matrix_2d",
    "3072",
    "1d-hier",
    "tiled",
    "64"
  ],
  "antes": {
    "10.7.50.202": [
      14107459937,
      5767950416
    ]
  },
  "despues": {
    "10.7.50.202": [
      14107469902,
      5768004504
    ]
  },
  "estado": "ok"
}

RESULT_2D: N=3072, Procs=24, Algo=1d-hier, Kernel=tiled, BS=64, T_Dist=0.207621, T_Summa=0.000000, T_Calc=0.465013, T_CalcAvg=0.379926, T_Gather=0.153221, T_Total=0.690358, T_Scatter=0.025602, T_Bcast=0.204415, GFLOPS=83.9884, Checksum=22083010.24, WSum=4.748730e+11

