{
  "inicio": "2026-09-25T08:15:28.501156-05:00",
  "comando": [
    "mpirun",
    "-H",
    "10.7.134.117:24",
    "-np",
    "24",
    "--map-by",
    "slot",
    "--rank-by",
    "slot",
    "--bind-to",
    "core",
    "--mca",
    "plm_rsh_agent",
    "ssh -F /home/alumno16/cluster-mpi-96-optimizaciones/scripts/ssh_config_wifi",
    "--mca",
    "btl",
    "self,vader,tcp",
    "--mca",
    "btl_tcp_if_include",
    "10.7.134.0/23",
    "--mca",
    "oob_tcp_if_include",
    "10.7.134.0/23",
    "/var/tmp/cluster-mpi-96-optimizaciones/bin/mpi_matrix_2d",
    "3072",
    "1d-hier",
    "tiled",
    "64"
  ],
  "antes": {
    "10.7.134.117": [
      11493176245,
      3586253086
    ]
  },
  "despues": {
    "10.7.134.117": [
      11493176465,
      3586256621
    ]
  },
  "estado": "ok"
}

RESULT_2D: N=3072, Procs=24, Algo=1d-hier, Kernel=tiled, BS=64, T_Dist=0.306957, T_Summa=0.000000, T_Calc=0.486205, T_CalcAvg=0.366097, T_Gather=0.168394, T_Total=0.673459, T_Scatter=0.027549, T_Bcast=0.302477, GFLOPS=86.0959, Checksum=22083010.24, WSum=4.748730e+11

