{
  "inicio": "2026-09-25T08:24:22.998679-05:00",
  "comando": [
    "mpirun",
    "-H",
    "10.7.134.117:24",
    "-np",
    "24",
    "--map-by",
    "slot",
    "--rank-by",
    "slot",
    "--bind-to",
    "core",
    "--mca",
    "plm_rsh_agent",
    "ssh -F /home/alumno16/cluster-mpi-96-optimizaciones/scripts/ssh_config_wifi",
    "--mca",
    "btl",
    "self,vader,tcp",
    "--mca",
    "btl_tcp_if_include",
    "10.7.134.0/23",
    "--mca",
    "oob_tcp_if_include",
    "10.7.134.0/23",
    "/var/tmp/cluster-mpi-96-optimizaciones/bin/mpi_matrix_2d",
    "3072",
    "1d",
    "tiled",
    "64"
  ],
  "antes": {
    "10.7.134.117": [
      13297557013,
      3958163637
    ]
  },
  "despues": {
    "10.7.134.117": [
      13297557013,
      3958167376
    ]
  },
  "estado": "ok"
}

RESULT_2D: N=3072, Procs=24, Algo=1d, Kernel=tiled, BS=64, T_Dist=0.209653, T_Summa=0.000000, T_Calc=0.444397, T_CalcAvg=0.391335, T_Gather=0.117601, T_Total=0.666321, T_Scatter=0.028292, T_Bcast=0.204416, GFLOPS=87.0182, Checksum=22083010.24, WSum=4.748730e+11

