{
  "inicio": "2026-09-25T07:58:53.253998-05:00",
  "comando": [
    "mpirun",
    "-H",
    "10.7.50.202:24",
    "-np",
    "24",
    "--map-by",
    "slot",
    "--rank-by",
    "slot",
    "--bind-to",
    "core",
    "--mca",
    "plm_rsh_agent",
    "ssh -F /home/alumno16/cluster-mpi-96-optimizaciones/scripts/ssh_config",
    "--mca",
    "btl",
    "self,vader,tcp",
    "--mca",
    "btl_tcp_if_include",
    "10.7.50.0/24",
    "--mca",
    "oob_tcp_if_include",
    "10.7.50.0/24",
    "/var/tmp/cluster-mpi-96-optimizaciones/bin/mpi_matrix_2d",
    "3072",
    "1d",
    "tiled",
    "64"
  ],
  "antes": {
    "10.7.50.202": [
      14941359442,
      5892871905
    ]
  },
  "despues": {
    "10.7.50.202": [
      14941359541,
      5892872070
    ]
  },
  "estado": "ok"
}

RESULT_2D: N=3072, Procs=24, Algo=1d, Kernel=tiled, BS=64, T_Dist=0.221174, T_Summa=0.000000, T_Calc=0.425818, T_CalcAvg=0.365314, T_Gather=0.111006, T_Total=0.648645, T_Scatter=0.026282, T_Bcast=0.218683, GFLOPS=89.3896, Checksum=22083010.24, WSum=4.748730e+11

